00000000
3ee22b02
3f490fdb
3f8f730b
3fb0266b
3fbc8ef5
bee22b02
bf490fdb
bf8f730b
bfb0266b
bfbc8ef5
