00000000
3f0c9f54
3f490fdb
3fc90fdb
bf0c9f54
bf490fdb
bf490fdb
bfc90fdb

