00000000
3f13cd3a
3f800000
3fddb3d7
5a6814b4
bf13cd3a
bf800000
bfddb3d7
da6814b4

