3F800000
3F5DB3D7
3F3504F3
3F000000
248D3132
3F5DB3D7
3F3504F3
3F000000
248D3132

